admm
atax
atax_float
bicg
bicg_float
binary_search
factorial
fir
fixed
float_basic
gaussian
gcd
gemm
gemm_float
gemver
gemver_float
gesummv_float
get_tanh
gsum
gsumif
histogram
if_convert
if_loop_1
if_loop_2
if_loop_3
if_loop_add
if_loop_mul
iir
image_resize
insertion_sort
iterative_division
iterative_sqrt
jacobi_1d_imper
kernel_2mm
kernel_2mm_float
kernel_3mm
kernel_3mm_float
kmp
loop_array
loop_path
lu
matching
matching_2
matrix
matrix_power
matvec
memory/test_constant_array
memory/test_flatten_array
memory/test_internal_array
memory/test_memory_1
memory/test_memory_10
memory/test_memory_11
memory/test_memory_12
memory/test_memory_13
memory/test_memory_14
memory/test_memory_15
memory/test_memory_16
memory/test_memory_17
memory/test_memory_18
memory/test_memory_2
memory/test_memory_3
memory/test_memory_4
memory/test_memory_5
memory/test_memory_6
memory/test_memory_7
memory/test_memory_8
memory/test_memory_9
memory/test_smallbound
memory/test_unroll
mul_example
mvt_float
nested_loop
path_profiling
pivot
polyn_mult
sharing/share_test_1
sharing/share_test_2
simple_example_1
single_loop
sobel
sparse
spmv
stencil_2d
subdiag
subdiag_fast
sumi3_mem
symm_float
syr2k_float
test_bitint
test_loop_free
test_stdint
threshold
triangular
vector_rescale
video_filter
while_loop_1
while_loop_2
while_loop_3
cnn
