./dynamatic/integration-test/bicg/bicg.c
./dynamatic/integration-test/binary_search/binary_search.c
./dynamatic/integration-test/cnn/cnn.c
./dynamatic/integration-test/fir/fir.c
./dynamatic/integration-test/gaussian/gaussian.c
./dynamatic/integration-test/gcd/gcd.c
./dynamatic/integration-test/gemver/gemver.c
./dynamatic/integration-test/if_loop_1/if_loop_1.c
./dynamatic/integration-test/if_loop_2/if_loop_2.c
./dynamatic/integration-test/iir/iir.c
./dynamatic/integration-test/image_resize/image_resize.c
./dynamatic/integration-test/insertion_sort/insertion_sort.c
./dynamatic/integration-test/jacobi_1d_imper/jacobi_1d_imper.c
./dynamatic/integration-test/kernel_2mm/kernel_2mm.c
./dynamatic/integration-test/kernel_3mm/kernel_3mm.c
./dynamatic/integration-test/loop_array/loop_array.c
./dynamatic/integration-test/matrix/matrix.c
./dynamatic/integration-test/matrix_power/matrix_power.c
./dynamatic/integration-test/matvec/matvec.c
./dynamatic/integration-test/memory/test_memory_1/test_memory_1.c
./dynamatic/integration-test/memory/test_memory_10/test_memory_10.c
./dynamatic/integration-test/memory/test_memory_11/test_memory_11.c
./dynamatic/integration-test/mul_example/mul_example.c
./dynamatic/integration-test/pivot/pivot.c
./dynamatic/integration-test/polyn_mult/polyn_mult.c
./dynamatic/integration-test/sharing/share_test_1/share_test_1.c
./dynamatic/integration-test/sharing/share_test_2/share_test_2.c
./dynamatic/integration-test/simple_example_1/simple_example_1.c
./dynamatic/integration-test/sobel/sobel.c
./dynamatic/integration-test/stencil_2d/stencil_2d.c
./dynamatic/integration-test/sumi3_mem/sumi3_mem.c
./dynamatic/integration-test/threshold/threshold.c
./dynamatic/integration-test/triangular/triangular.c
./dynamatic/integration-test/vector_rescale/vector_rescale.c
./dynamatic/integration-test/video_filter/video_filter.c
./dynamatic/integration-test/while_loop_1/while_loop_1.c
./dynamatic/integration-test/while_loop_3/while_loop_3.c
