INFO: [Timing 38-91] UpdateTimingParams: Speed grade: -2, Delay Type: max.
INFO: [Timing 38-191] Multithreading enabled for timing update using a maximum of 8 CPUs
INFO: [Timing 38-35] Done setting XDC timing constraints.
INFO: [Timing 38-78] ReportTimingParams: -max_paths 1 -nworst 1 -delay_type max -sort_by slack.
Copyright 1986-2019 Xilinx, Inc. All Rights Reserved.
--------------------------------------------------------------------------------------
| Tool Version : Vivado v.2019.1.1 (lin64) Build 2580384 Sat Jun 29 08:04:45 MDT 2019
| Date         : Sat Jul 20 05:14:00 2024
| Host         : ee-tik-eda2 running 64-bit CentOS Linux release 7.9.2009 (Core)
| Command      : report_timing
| Design       : matvec
| Device       : 7k160t-fbg484
| Speed File   : -2  PRODUCTION 1.12 2017-02-17
--------------------------------------------------------------------------------------

Timing Report

Slack (MET) :             0.966ns  (required time - arrival time)
  Source:                 oehb0/data_reg_reg[0]/C
                            (rising edge-triggered cell FDCE clocked by clk  {rise@0.000ns fall@3.000ns period=6.000ns})
  Destination:            oehb2/data_reg_reg[0]/CE
                            (rising edge-triggered cell FDCE clocked by clk  {rise@0.000ns fall@3.000ns period=6.000ns})
  Path Group:             clk
  Path Type:              Setup (Max at Slow Process Corner)
  Requirement:            6.000ns  (clk rise@6.000ns - clk rise@0.000ns)
  Data Path Delay:        4.727ns  (logic 0.880ns (18.616%)  route 3.847ns (81.384%))
  Logic Levels:           11  (CARRY4=1 LUT3=1 LUT4=3 LUT5=4 LUT6=2)
  Clock Path Skew:        -0.027ns (DCD - SCD + CPR)
    Destination Clock Delay (DCD):    0.510ns = ( 6.510 - 6.000 ) 
    Source Clock Delay      (SCD):    0.537ns
    Clock Pessimism Removal (CPR):    0.000ns
  Clock Uncertainty:      0.035ns  ((TSJ^2 + TIJ^2)^1/2 + DJ) / 2 + PE
    Total System Jitter     (TSJ):    0.071ns
    Total Input Jitter      (TIJ):    0.000ns
    Discrete Jitter          (DJ):    0.000ns
    Phase Error              (PE):    0.000ns

    Location             Delay type                Incr(ns)  Path(ns)    Netlist Resource(s)
  -------------------------------------------------------------------    -------------------
                         (clock clk rise edge)        0.000     0.000 r  
                                                      0.000     0.000 r  clk (IN)
                         net (fo=598, unset)          0.537     0.537    oehb0/clk
                         FDCE                                         r  oehb0/data_reg_reg[0]/C
  -------------------------------------------------------------------    -------------------
                         FDCE (Prop_fdce_C_Q)         0.175     0.712 r  oehb0/data_reg_reg[0]/Q
                         net (fo=5, unplaced)         0.462     1.174    tehb1/Q[0]
                         LUT5 (Prop_lut5_I0_O)        0.127     1.301 r  tehb1/dataOutArray[0]0_carry_i_9/O
                         net (fo=2, unplaced)         0.281     1.582    tehb1/dataOutArray[0]0_carry_i_9_n_0
                         LUT6 (Prop_lut6_I2_O)        0.043     1.625 r  tehb1/data_reg[4]_i_2/O
                         net (fo=5, unplaced)         0.298     1.923    tehb1/data_reg[4]_i_2_n_0
                         LUT6 (Prop_lut6_I2_O)        0.043     1.966 r  tehb1/dataOutArray[0]0_carry_i_8/O
                         net (fo=4, unplaced)         0.294     2.260    tehb1/dataOutArray[0]0_carry_i_8_n_0
                         LUT4 (Prop_lut4_I0_O)        0.047     2.307 r  tehb1/data_reg[6]_i_2/O
                         net (fo=3, unplaced)         0.288     2.595    tehb1/data_reg_reg[6]_1
                         LUT4 (Prop_lut4_I0_O)        0.043     2.638 r  tehb1/dataOutArray[0]0_carry_i_5__0/O
                         net (fo=1, unplaced)         0.000     2.638    cmpi2/S[2]
                         CARRY4 (Prop_carry4_S[2]_CO[3])
                                                      0.183     2.821 f  cmpi2/dataOutArray[0]0_carry/CO[3]
                         net (fo=18, unplaced)        0.685     3.506    tehb1/O91[0]
                         LUT5 (Prop_lut5_I0_O)        0.043     3.549 f  tehb1/data_reg[0]_i_4__0/O
                         net (fo=6, unplaced)         0.302     3.851    control_merge5/oehb1/data_reg_reg[0]_3
                         LUT5 (Prop_lut5_I4_O)        0.043     3.894 r  control_merge5/oehb1/Memory_reg[7][0]_srl8_i_1/O
                         net (fo=14, unplaced)        0.321     4.215    control_merge5/oehb1/data_reg_reg[0]_0
                         LUT4 (Prop_lut4_I2_O)        0.047     4.262 f  control_merge5/oehb1/full_reg_i_5/O
                         net (fo=12, unplaced)        0.318     4.580    control_merge5/oehb1/reg_value_reg_1
                         LUT5 (Prop_lut5_I3_O)        0.043     4.623 f  control_merge5/oehb1/full_reg_i_2__4/O
                         net (fo=3, unplaced)         0.288     4.911    tehb5/validArray_reg[0]
                         LUT3 (Prop_lut3_I2_O)        0.043     4.954 r  tehb5/data_reg[7]_i_1__10/O
                         net (fo=8, unplaced)         0.310     5.264    oehb2/data_reg_reg[0]_1[0]
                         FDCE                                         r  oehb2/data_reg_reg[0]/CE
  -------------------------------------------------------------------    -------------------

                         (clock clk rise edge)        6.000     6.000 r  
                                                      0.000     6.000 r  clk (IN)
                         net (fo=598, unset)          0.510     6.510    oehb2/clk
                         FDCE                                         r  oehb2/data_reg_reg[0]/C
                         clock pessimism              0.000     6.510    
                         clock uncertainty           -0.035     6.475    
                         FDCE (Setup_fdce_C_CE)      -0.245     6.230    oehb2/data_reg_reg[0]
  -------------------------------------------------------------------
                         required time                          6.230    
                         arrival time                          -5.264    
  -------------------------------------------------------------------
                         slack                                  0.966    




report_timing: Time (s): cpu = 00:00:05 ; elapsed = 00:00:05 . Memory (MB): peak = 2475.949 ; gain = 247.082 ; free physical = 204877 ; free virtual = 247722
