INFO: [Timing 38-91] UpdateTimingParams: Speed grade: -2, Delay Type: max.
INFO: [Timing 38-191] Multithreading enabled for timing update using a maximum of 8 CPUs
INFO: [Timing 38-78] ReportTimingParams: -max_paths 1 -nworst 1 -delay_type max -sort_by slack.
Copyright 1986-2019 Xilinx, Inc. All Rights Reserved.
--------------------------------------------------------------------------------------
| Tool Version : Vivado v.2019.1.1 (lin64) Build 2580384 Sat Jun 29 08:04:45 MDT 2019
| Date         : Wed Jul 24 11:07:15 2024
| Host         : ee-tik-eda2 running 64-bit CentOS Linux release 7.9.2009 (Core)
| Command      : report_timing
| Design       : fir
| Device       : 7k160t-fbg484
| Speed File   : -2  PRODUCTION 1.12 2017-02-17
--------------------------------------------------------------------------------------

Timing Report

Slack (MET) :             0.944ns  (required time - arrival time)
  Source:                 mem_controller0/counter1_reg[28]/C
                            (rising edge-triggered cell FDRE clocked by clk  {rise@0.000ns fall@2.000ns period=4.000ns})
  Destination:            return1/tehb/data_reg_reg[20]/CE
                            (rising edge-triggered cell FDCE clocked by clk  {rise@0.000ns fall@2.000ns period=4.000ns})
  Path Group:             clk
  Path Type:              Setup (Max at Slow Process Corner)
  Requirement:            4.000ns  (clk rise@4.000ns - clk rise@0.000ns)
  Data Path Delay:        2.774ns  (logic 0.438ns (15.790%)  route 2.336ns (84.210%))
  Logic Levels:           5  (LUT4=2 LUT5=2 LUT6=1)
  Clock Path Skew:        -0.046ns (DCD - SCD + CPR)
    Destination Clock Delay (DCD):    1.198ns = ( 5.198 - 4.000 ) 
    Source Clock Delay      (SCD):    1.329ns
    Clock Pessimism Removal (CPR):    0.085ns
  Clock Uncertainty:      0.035ns  ((TSJ^2 + TIJ^2)^1/2 + DJ) / 2 + PE
    Total System Jitter     (TSJ):    0.071ns
    Total Input Jitter      (TIJ):    0.000ns
    Discrete Jitter          (DJ):    0.000ns
    Phase Error              (PE):    0.000ns

    Location             Delay type                Incr(ns)  Path(ns)    Netlist Resource(s)
  -------------------------------------------------------------------    -------------------
                         (clock clk rise edge)        0.000     0.000 r  
                                                      0.000     0.000 r  clk (IN)
                         net (fo=533, unset)          1.329     1.329    mem_controller0/clk
    SLICE_X0Y131         FDRE                                         r  mem_controller0/counter1_reg[28]/C
  -------------------------------------------------------------------    -------------------
    SLICE_X0Y131         FDRE (Prop_fdre_C_Q)         0.223     1.552 r  mem_controller0/counter1_reg[28]/Q
                         net (fo=1, routed)           0.440     1.992    mem_controller0/counter1[28]
    SLICE_X1Y131         LUT4 (Prop_lut4_I0_O)        0.043     2.035 r  mem_controller0/end_valid_INST_0_i_16/O
                         net (fo=1, routed)           0.267     2.301    mem_controller0/end_valid_INST_0_i_16_n_0
    SLICE_X1Y129         LUT5 (Prop_lut5_I4_O)        0.043     2.344 r  mem_controller0/end_valid_INST_0_i_11/O
                         net (fo=1, routed)           0.232     2.576    mem_controller0/end_valid_INST_0_i_11_n_0
    SLICE_X1Y129         LUT6 (Prop_lut6_I5_O)        0.043     2.619 r  mem_controller0/end_valid_INST_0_i_4/O
                         net (fo=1, routed)           0.483     3.102    mem_controller1/end_valid
    SLICE_X5Y124         LUT4 (Prop_lut4_I2_O)        0.043     3.145 f  mem_controller1/end_valid_INST_0_i_1/O
                         net (fo=3, routed)           0.429     3.574    muli0/oehb/mem_valid
    SLICE_X5Y114         LUT5 (Prop_lut5_I4_O)        0.043     3.617 r  muli0/oehb/data_reg[31]_i_1__3/O
                         net (fo=32, routed)          0.485     4.103    return1/tehb/E[0]
    SLICE_X7Y119         FDCE                                         r  return1/tehb/data_reg_reg[20]/CE
  -------------------------------------------------------------------    -------------------

                         (clock clk rise edge)        4.000     4.000 r  
                                                      0.000     4.000 r  clk (IN)
                         net (fo=533, unset)          1.198     5.198    return1/tehb/clk
    SLICE_X7Y119         FDCE                                         r  return1/tehb/data_reg_reg[20]/C
                         clock pessimism              0.085     5.283    
                         clock uncertainty           -0.035     5.248    
    SLICE_X7Y119         FDCE (Setup_fdce_C_CE)      -0.201     5.047    return1/tehb/data_reg_reg[20]
  -------------------------------------------------------------------
                         required time                          5.047    
                         arrival time                          -4.103    
  -------------------------------------------------------------------
                         slack                                  0.944    




